###############################################################################
#
# IAR ELF Linker V7.60.1.11101/W32 for ARM                15/Dec/2016  14:46:20
# Copyright 2007-2016 IAR Systems AB.
#
#    Output file  =  
#        C:\Users\Harald\Google Drive\Studier\DST\HW\Debug\Exe\HW1.out
#    Map file     =  
#        C:\Users\Harald\Google Drive\Studier\DST\HW\Debug\List\HW1.map
#    Command line =  
#        "C:\Users\Harald\Google Drive\Studier\DST\HW\Debug\Obj\Alarm.o"
#        "C:\Users\Harald\Google Drive\Studier\DST\HW\Debug\Obj\Button_LED.o"
#        "C:\Users\Harald\Google Drive\Studier\DST\HW\Debug\Obj\cstartup.o"
#        "C:\Users\Harald\Google Drive\Studier\DST\HW\Debug\Obj\Display.o"
#        "C:\Users\Harald\Google Drive\Studier\DST\HW\Debug\Obj\exceptions.o"
#        "C:\Users\Harald\Google Drive\Studier\DST\HW\Debug\Obj\Interrupt.o"
#        "C:\Users\Harald\Google Drive\Studier\DST\HW\Debug\Obj\Keypad.o"
#        "C:\Users\Harald\Google Drive\Studier\DST\HW\Debug\Obj\Light.o"
#        "C:\Users\Harald\Google Drive\Studier\DST\HW\Debug\Obj\main.o"
#        "C:\Users\Harald\Google Drive\Studier\DST\HW\Debug\Obj\Main_Menu.o"
#        "C:\Users\Harald\Google Drive\Studier\DST\HW\Debug\Obj\Servo.o"
#        "C:\Users\Harald\Google
#        Drive\Studier\DST\HW\Debug\Obj\startup_sam3x.o"
#        "C:\Users\Harald\Google Drive\Studier\DST\HW\Debug\Obj\system_sam3x.o"
#        "C:\Users\Harald\Google Drive\Studier\DST\HW\Debug\Obj\Temp.o" -o
#        "C:\Users\Harald\Google Drive\Studier\DST\HW\Debug\Exe\HW1.out"
#        --redirect _Printf=_PrintfFull --redirect _Scanf=_ScanfFull --map
#        "C:\Users\Harald\Google Drive\Studier\DST\HW\Debug\List\HW1.map"
#        --config "C:\Program Files (x86)\IAR Systems\Embedded Workbench
#        7.4\arm\config\linker\Atmel\SAM3X\SAM3X-EK\sam3x8-sram.icf"
#        --semihosting --entry __iar_program_start --vfe
#
###############################################################################

*******************************************************************************
*** RUNTIME MODEL ATTRIBUTES
***

CppFlavor       = *
__SystemLibrary = DLib


*******************************************************************************
*** PLACEMENT SUMMARY
***

"A1":  place at 0x20070000 { ro section .intvec };
"P1":  place in [from 0x20070000 to 0x20087ffe] { ro };
"P2":  place in [from 0x20070000 to 0x20087ffe] { rw, block CSTACK, block HEAP };
initialize by copy with packing = copy, complex ranges { rw };

  Section            Kind        Address    Size  Object
  -------            ----        -------    ----  ------
"A1":                                       0xf4
  .intvec                     0x20070000    0xf4  <Block>
    .intvec          const    0x20070000    0xf4  startup_sam3x.o [1]
                            - 0x200700f4    0xf4

"P1":                                     0x3234
  .text              ro code  0x200700f4   0xde2  xprintffull.o [3]
  .text              ro code  0x20070ed6     0xa  xsprout.o [3]
  .text              ro code  0x20070ee0    0x16  strchr.o [5]
  .text              ro code  0x20070ef6     0x2  exceptions.o [1]
  .text              ro code  0x20070ef8    0x36  strlen.o [5]
  .text              ro code  0x20070f30    0x58  memchr.o [5]
  .text              ro code  0x20070f88    0xee  I64DivMod.o [5]
  .text              ro code  0x20071078    0x76  ABImemcpy_unaligned.o [5]
  .text              ro code  0x200710ee    0x44  xdnorm.o [4]
  .text              ro code  0x20071134    0x2e  DblCmpLe.o [4]
  .text              ro code  0x20071164    0x2e  DblCmpGe.o [4]
  .text              ro code  0x20071194   0x10c  xdscale.o [4]
  .text              ro code  0x200712a0    0x58  DblToI32.o [4]
  .text              ro code  0x200712f8    0x30  I32ToDbl.o [4]
  .text              ro code  0x20071328   0x180  DblSub.o [4]
  .text              ro code  0x200714a8   0x1a2  DblMul.o [4]
  .text              ro code  0x2007164c   0x256  DblDiv.o [4]
  .text              ro code  0x200718a2     0xe  div.o [3]
  .text              ro code  0x200718b0     0x2  I64DivZer.o [5]
  .text              ro code  0x200718b4    0xe8  DblAdd.o [4]
  .text              ro code  0x2007199c   0x4e8  Temp.o [1]
  .text              ro code  0x20071e84   0x3a4  Display.o [1]
  .text              ro code  0x20072228    0xfc  FltDiv.o [4]
  .text              ro code  0x20072324    0x4e  FltToDbl.o [4]
  .text              ro code  0x20072374    0x90  DblToFlt.o [4]
  .text              ro code  0x20072404    0x32  I32ToFlt.o [4]
  .text              ro code  0x20072438    0xe6  FltSub.o [4]
  .text              ro code  0x20072520    0x24  FltCmpLe.o [4]
  .text              ro code  0x20072544    0x84  FltAdd.o [4]
  .text              ro code  0x200725c8    0x34  sprintf.o [3]
  .text              ro code  0x200725fc   0x230  Alarm.o [1]
  .text              ro code  0x2007282c   0x210  Interrupt.o [1]
  .text              ro code  0x20072a3c    0xf4  Keypad.o [1]
  .text              ro code  0x20072b30    0x24  FltCmpGe.o [4]
  .text              ro code  0x20072b54   0x1a8  Main_Menu.o [1]
  .text              ro code  0x20072cfc    0xd8  Servo.o [1]
  .text              ro code  0x20072dd4    0x70  Light.o [1]
  .text              ro code  0x20072e44    0xe0  Button_LED.o [1]
  .text              ro code  0x20072f24    0xb8  system_sam3x.o [1]
  .text              ro code  0x20072fdc    0x54  main.o [1]
  .text              ro code  0x20073030    0x40  zero_init3.o [5]
  .rodata            const    0x20073070    0x34  Display.o [1]
  .text              ro code  0x200730a4    0x34  startup_sam3x.o [1]
  .text              ro code  0x200730d8     0xc  cstartup.o [1]
  .text              ro code  0x200730e4    0x1a  cmain.o [5]
  .text              ro code  0x20073100    0x28  data_init.o [5]
  .text              ro code  0x20073128     0x4  exit.o [3]
  .text              ro code  0x2007312c     0xa  cexit.o [5]
  .text              ro code  0x20073138    0x14  exit.o [6]
  .text              ro code  0x2007314c    0x2c  copy_init3.o [5]
  .rodata            const    0x20073178    0x28  Display.o [1]
  .iar.init_table    const    0x200731a0    0x24  - Linker created -
  .rodata            const    0x200731c4    0x1c  Main_Menu.o [1]
  .rodata            const    0x200731e0    0x1c  Temp.o [1]
  .rodata            const    0x200731fc    0x14  Main_Menu.o [1]
  .rodata            const    0x20073210    0x10  Main_Menu.o [1]
  .rodata            const    0x20073220    0x10  Temp.o [1]
  .rodata            const    0x20073230     0xc  Alarm.o [1]
  .rodata            const    0x2007323c     0xc  Alarm.o [1]
  .rodata            const    0x20073248     0xc  Alarm.o [1]
  .rodata            const    0x20073254     0xc  Alarm.o [1]
  .rodata            const    0x20073260     0xc  Alarm.o [1]
  .rodata            const    0x2007326c     0xc  Keypad.o [1]
  .rodata            const    0x20073278     0xc  Main_Menu.o [1]
  .rodata            const    0x20073284     0xc  Main_Menu.o [1]
  .rodata            const    0x20073290     0xc  Temp.o [1]
  .rodata            const    0x2007329c     0xc  Temp.o [1]
  .rodata            const    0x200732a8     0x8  Alarm.o [1]
  .rodata            const    0x200732b0     0x8  Alarm.o [1]
  .rodata            const    0x200732b8     0x8  Alarm.o [1]
  .rodata            const    0x200732c0     0x8  Alarm.o [1]
  .rodata            const    0x200732c8     0x8  Alarm.o [1]
  .rodata            const    0x200732d0     0x8  Alarm.o [1]
  .rodata            const    0x200732d8     0x8  Temp.o [1]
  .rodata            const    0x200732e0     0x8  Temp.o [1]
  .rodata            const    0x200732e8     0x4  Temp.o [1]
  .rodata            const    0x200732ec     0x4  Temp.o [1]
  .rodata            const    0x200732f0     0x4  Temp.o [1]
  .rodata            const    0x200732f4     0x4  Temp.o [1]
  .rodata            const    0x200732f8     0x4  Temp.o [1]
  .rodata            const    0x200732fc     0x4  Temp.o [1]
  .rodata            const    0x20073300     0x4  Temp.o [1]
  .rodata            const    0x20073304     0x4  Temp.o [1]
  .rodata            const    0x20073308     0x4  Temp.o [1]
  .rodata            const    0x2007330c     0x4  Temp.o [1]
  .rodata            const    0x20073310     0x4  Temp.o [1]
  .rodata            const    0x20073314     0x0  zero_init3.o [5]
  .rodata            const    0x20073314     0x0  copy_init3.o [5]
  Initializer bytes  const    0x20073314    0x14  <for P2 s0>
                            - 0x20073328  0x3234

"P2", part 1 of 3:                          0x14
  P2 s0                       0x20073328    0x14  <Init block>
    .data            inited   0x20073328     0x4  Alarm.o [1]
    .data            inited   0x2007332c     0x4  Alarm.o [1]
    .data            inited   0x20073330     0x4  Interrupt.o [1]
    .data            inited   0x20073334     0x4  Servo.o [1]
    .data            inited   0x20073338     0x4  system_sam3x.o [1]
                            - 0x2007333c    0x14

"P2", part 2 of 3:                          0xdc
  .bss               zero     0x2007333c    0x8c  Temp.o [1]
  .bss               zero     0x200733c8    0x18  Interrupt.o [1]
  .bss               zero     0x200733e0     0x4  Alarm.o [1]
  .bss               zero     0x200733e4     0x4  Alarm.o [1]
  .bss               zero     0x200733e8     0x4  Interrupt.o [1]
  .bss               zero     0x200733ec     0x4  Interrupt.o [1]
  .bss               zero     0x200733f0     0x4  Interrupt.o [1]
  .bss               zero     0x200733f4     0x4  Interrupt.o [1]
  .bss               zero     0x200733f8     0x4  Interrupt.o [1]
  .bss               zero     0x200733fc     0x4  Main_Menu.o [1]
  .bss               zero     0x20073400     0x4  Main_Menu.o [1]
  .bss               zero     0x20073404     0x4  Temp.o [1]
  .bss               zero     0x20073408     0x4  Temp.o [1]
  .bss               zero     0x2007340c     0x4  Temp.o [1]
  .bss               zero     0x20073410     0x4  Temp.o [1]
  .bss               zero     0x20073414     0x4  Temp.o [1]
                            - 0x20073418    0xdc

"P2", part 3 of 3:                         0x800
  CSTACK                      0x20073418   0x800  <Block>
    CSTACK           uninit   0x20073418   0x800  <Block tail>
                            - 0x20073c18   0x800


*******************************************************************************
*** INIT TABLE
***

          Address     Size
          -------     ----
Zero (__iar_zero_init3)
    1 destination range, total size 0xdc:
          0x2007333c  0xdc

Copy (__iar_copy_init3)
    1 source range, total size 0x14:
          0x20073314  0x14
    1 destination range, total size 0x14:
          0x20073328  0x14



*******************************************************************************
*** MODULE SUMMARY
***

    Module                 ro code  ro data  rw data
    ------                 -------  -------  -------
C:\Users\Harald\Google Drive\Studier\DST\HW\Debug\Obj: [1]
    Alarm.o                    560      116       16
    Button_LED.o               224
    Display.o                  932       92
    Interrupt.o                528        4       48
    Keypad.o                   244       12
    Light.o                    112
    Main_Menu.o                424       88        8
    Servo.o                    216        4        4
    Temp.o                   1 256      128      160
    cstartup.o                  12
    exceptions.o                 2
    main.o                      84
    startup_sam3x.o             52      244
    system_sam3x.o             184        4        4
    ------------------------------------------------
    Total:                   4 830      692      240

command line: [2]
    ------------------------------------------------
    Total:

dl7M_tln.a: [3]
    div.o                       14
    exit.o                       4
    sprintf.o                   52
    xprintffull.o            3 554
    xsprout.o                   10
    ------------------------------------------------
    Total:                   3 634

m7M_tl.a: [4]
    DblAdd.o                   232
    DblCmpGe.o                  46
    DblCmpLe.o                  46
    DblDiv.o                   598
    DblMul.o                   418
    DblSub.o                   384
    DblToFlt.o                 144
    DblToI32.o                  88
    FltAdd.o                   132
    FltCmpGe.o                  36
    FltCmpLe.o                  36
    FltDiv.o                   252
    FltSub.o                   230
    FltToDbl.o                  78
    I32ToDbl.o                  48
    I32ToFlt.o                  50
    xdnorm.o                    68
    xdscale.o                  268
    ------------------------------------------------
    Total:                   3 154

rt7M_tl.a: [5]
    ABImemcpy_unaligned.o      118
    I64DivMod.o                238
    I64DivZer.o                  2
    cexit.o                     10
    cmain.o                     26
    copy_init3.o                44
    data_init.o                 40
    memchr.o                    88
    strchr.o                    22
    strlen.o                    54
    zero_init3.o                64
    ------------------------------------------------
    Total:                     706

shb_l.a: [6]
    exit.o                      20
    ------------------------------------------------
    Total:                      20

    Gaps                        24
    Linker created                       36    2 048
----------------------------------------------------
    Grand Total:            12 368      728    2 288


*******************************************************************************
*** ENTRY LIST
***

Entry                      Address   Size  Type      Object
-----                      -------   ----  ----      ------
.iar.init_table$$Base   0x200731a0          --   Gb  - Linker created -
.iar.init_table$$Limit  0x200731c4          --   Gb  - Linker created -
.intvec$$Base           0x20070000          --   Gb  - Linker created -
.intvec$$Limit          0x200700f4          --   Gb  - Linker created -
?main                   0x200730e5         Code  Gb  cmain.o [5]
ADC_Handler             0x20070ef7    0x2  Code  Wk  exceptions.o [1]
BusFault_Handler        0x20070ef7    0x2  Code  Wk  exceptions.o [1]
CAN0_Handler            0x20070ef7    0x2  Code  Wk  exceptions.o [1]
CAN1_Handler            0x20070ef7    0x2  Code  Wk  exceptions.o [1]
CSTACK$$Base            0x20073418          --   Gb  - Linker created -
CSTACK$$Limit           0x20073c18          --   Gb  - Linker created -
DACC_Handler            0x20070ef7    0x2  Code  Wk  exceptions.o [1]
DMAC_Handler            0x20070ef7    0x2  Code  Wk  exceptions.o [1]
DebugMon_Handler        0x20070ef7    0x2  Code  Wk  exceptions.o [1]
Dummy_Handler           0x20070ef7    0x2  Code  Gb  exceptions.o [1]
EFC0_Handler            0x20070ef7    0x2  Code  Wk  exceptions.o [1]
EFC1_Handler            0x20070ef7    0x2  Code  Wk  exceptions.o [1]
HSMCI_Handler           0x20070ef7    0x2  Code  Wk  exceptions.o [1]
HardFault_Handler       0x20070ef7    0x2  Code  Wk  exceptions.o [1]
LoadInt                 0x2007069d   0x70  Code  Lc  xprintffull.o [3]
MemManage_Handler       0x20070ef7    0x2  Code  Wk  exceptions.o [1]
NMI_Handler             0x20070ef7    0x2  Code  Wk  exceptions.o [1]
NVIC_ClearPendingIRQ    0x20072e59   0x14  Code  Lc  Button_LED.o [1]
NVIC_ClearPendingIRQ    0x2007282d   0x14  Code  Lc  Interrupt.o [1]
NVIC_ClearPendingIRQ    0x200719b3   0x16  Code  Lc  Temp.o [1]
NVIC_EnableIRQ          0x20072e45   0x14  Code  Lc  Button_LED.o [1]
NVIC_EnableIRQ          0x2007199d   0x16  Code  Lc  Temp.o [1]
NVIC_SetPriority        0x20072e6d   0x22  Code  Lc  Button_LED.o [1]
NVIC_SetPriority        0x20072841   0x22  Code  Lc  Interrupt.o [1]
NVIC_SetPriority        0x200719c9   0x26  Code  Lc  Temp.o [1]
PIOA_Handler            0x20070ef7    0x2  Code  Wk  exceptions.o [1]
PIOB_Handler            0x20070ef7    0x2  Code  Wk  exceptions.o [1]
PIOC_Handler            0x20070ef7    0x2  Code  Wk  exceptions.o [1]
PIOD_Handler            0x20072991   0x40  Code  Gb  Interrupt.o [1]
PMC_Handler             0x20070ef7    0x2  Code  Wk  exceptions.o [1]
PWM_Handler             0x20070ef7    0x2  Code  Wk  exceptions.o [1]
PendSV_Handler          0x20070ef7    0x2  Code  Wk  exceptions.o [1]
RSTC_Handler            0x20070ef7    0x2  Code  Wk  exceptions.o [1]
RTC_Handler             0x20070ef7    0x2  Code  Wk  exceptions.o [1]
RTT_Handler             0x20070ef7    0x2  Code  Wk  exceptions.o [1]
Region$$Table$$Base     0x200731a0          --   Gb  - Linker created -
Region$$Table$$Limit    0x200731c4          --   Gb  - Linker created -
Reset_Handler           0x200730d1    0x8  Code  Gb  startup_sam3x.o [1]
SPI0_Handler            0x20070ef7    0x2  Code  Wk  exceptions.o [1]
SSC_Handler             0x20070ef7    0x2  Code  Wk  exceptions.o [1]
SUPC_Handler            0x20070ef7    0x2  Code  Wk  exceptions.o [1]
SVC_Handler             0x20070ef7    0x2  Code  Wk  exceptions.o [1]
SysTick_Config          0x20072863   0x30  Code  Lc  Interrupt.o [1]
SysTick_Handler         0x20072969   0x28  Code  Gb  Interrupt.o [1]
SystemCoreClock         0x20073338    0x4  Data  Gb  system_sam3x.o [1]
SystemInit              0x20072f25   0x86  Code  Gb  system_sam3x.o [1]
TC0_Handler             0x20071b25   0x2c  Code  Gb  Temp.o [1]
TC1_Handler             0x20070ef7    0x2  Code  Wk  exceptions.o [1]
TC2_Handler             0x20070ef7    0x2  Code  Wk  exceptions.o [1]
TC3_Handler             0x20070ef7    0x2  Code  Wk  exceptions.o [1]
TC4_Handler             0x20070ef7    0x2  Code  Wk  exceptions.o [1]
TC5_Handler             0x20070ef7    0x2  Code  Wk  exceptions.o [1]
TRNG_Handler            0x20070ef7    0x2  Code  Wk  exceptions.o [1]
TWI0_Handler            0x20070ef7    0x2  Code  Wk  exceptions.o [1]
TWI1_Handler            0x20070ef7    0x2  Code  Wk  exceptions.o [1]
UART_Handler            0x20070ef7    0x2  Code  Wk  exceptions.o [1]
UOTGHS_Handler          0x20070ef7    0x2  Code  Wk  exceptions.o [1]
USART0_Handler          0x20070ef7    0x2  Code  Wk  exceptions.o [1]
USART1_Handler          0x20070ef7    0x2  Code  Wk  exceptions.o [1]
USART2_Handler          0x20070ef7    0x2  Code  Wk  exceptions.o [1]
UsageFault_Handler      0x20070ef7    0x2  Code  Wk  exceptions.o [1]
WDT_Handler             0x20070ef7    0x2  Code  Wk  exceptions.o [1]
Write_Command_2_Display
                        0x20071f0d   0x7a  Code  Gb  Display.o [1]
Write_Data_2_Display    0x20071f87   0x7a  Code  Gb  Display.o [1]
_GenldFull              0x20070c25  0x26a  Code  Lc  xprintffull.o [3]
_LdtobFull              0x20070819  0x406  Code  Lc  xprintffull.o [3]
_LitobFull              0x2007070d  0x10a  Code  Lc  xprintffull.o [3]
_PrintfFull             0x200700f5  0x5a2  Code  Gb  xprintffull.o [3]
_PutcharsFull           0x20070e8f   0x2e  Code  Lc  xprintffull.o [3]
_SProut                 0x20070ed7    0xa  Code  Gb  xsprout.o [3]
__aeabi_cdcmple         0x20071135         Code  Gb  DblCmpLe.o [4]
__aeabi_cdrcmple        0x20071165         Code  Gb  DblCmpGe.o [4]
__aeabi_cfcmple         0x20072521         Code  Gb  FltCmpLe.o [4]
__aeabi_cfrcmple        0x20072b31         Code  Gb  FltCmpGe.o [4]
__aeabi_d2f             0x20072375         Code  Gb  DblToFlt.o [4]
__aeabi_d2iz            0x200712a1         Code  Gb  DblToI32.o [4]
__aeabi_d2uiz           0x200712cd         Code  Gb  DblToI32.o [4]
__aeabi_dadd            0x200718b5         Code  Gb  DblAdd.o [4]
__aeabi_ddiv            0x2007164d         Code  Gb  DblDiv.o [4]
__aeabi_dmul            0x200714a9         Code  Gb  DblMul.o [4]
__aeabi_dsub            0x20071329         Code  Gb  DblSub.o [4]
__aeabi_f2d             0x20072325         Code  Gb  FltToDbl.o [4]
__aeabi_fadd            0x20072545         Code  Gb  FltAdd.o [4]
__aeabi_fdiv            0x20072229         Code  Gb  FltDiv.o [4]
__aeabi_fsub            0x20072439         Code  Gb  FltSub.o [4]
__aeabi_i2d             0x200712f9         Code  Gb  I32ToDbl.o [4]
__aeabi_i2f             0x20072405         Code  Gb  I32ToFlt.o [4]
__aeabi_ldiv0           0x200718b1         Code  Gb  I64DivZer.o [5]
__aeabi_ui2d            0x2007130d         Code  Gb  I32ToDbl.o [4]
__aeabi_ui2f            0x20072419         Code  Gb  I32ToFlt.o [4]
__aeabi_uldivmod        0x20070f89         Code  Gb  I64DivMod.o [5]
__cmain                 0x200730e5         Code  Gb  cmain.o [5]
__exit                  0x20073139   0x14  Code  Gb  exit.o [6]
__iar_Dnorm             0x200710ef   0x44  Code  Gb  xdnorm.o [4]
__iar_Dscale            0x20071195  0x10c  Code  Gb  xdscale.o [4]
__iar_Memchr            0x20070f31         Code  Gb  memchr.o [5]
__iar_Strchr            0x20070ee1         Code  Gb  strchr.o [5]
__iar_copy_init3        0x2007314d   0x2c  Code  Gb  copy_init3.o [5]
__iar_d2uiz             0x200712d9         Code  Gb  DblToI32.o [4]
__iar_dadd              0x200718c9         Code  Gb  DblAdd.o [4]
__iar_data_init3        0x20073101   0x28  Code  Gb  data_init.o [5]
__iar_dsub              0x2007133d         Code  Gb  DblSub.o [4]
__iar_dsubStart         0x2007134f         Code  Gb  DblSub.o [4]
__iar_fadd              0x20072555         Code  Gb  FltAdd.o [4]
__iar_fsub              0x20072449         Code  Gb  FltSub.o [4]
__iar_fsubStart         0x20072459         Code  Gb  FltSub.o [4]
__iar_program_start     0x200730d9         Code  Gb  cstartup.o [1]
__iar_ui2d              0x20071311         Code  Gb  I32ToDbl.o [4]
__iar_ui2f              0x2007241d         Code  Gb  I32ToFlt.o [4]
__iar_unaligned___aeabi_memcpy
                        0x20071079         Code  Gb  ABImemcpy_unaligned.o [5]
__iar_unaligned___aeabi_memcpy4
                        0x20071099         Code  Gb  ABImemcpy_unaligned.o [5]
__iar_unaligned___aeabi_memcpy8
                        0x20071099         Code  Gb  ABImemcpy_unaligned.o [5]
__iar_zero_init3        0x20073031   0x40  Code  Gb  zero_init3.o [5]
__low_level_init        0x200730a5   0x24  Code  Gb  startup_sam3x.o [1]
__region_NFC_RAM_end__ {Abs}
                        0x20100fff          --   Gb  command line/config [2]
__region_NFC_RAM_start__ {Abs}
                        0x20100000          --   Gb  command line/config [2]
__region_RAM0_end__ {Abs}
                        0x2000ffff          --   Gb  command line/config [2]
__region_RAM0_size__ {Abs}
                        0x00010000          --   Gb  command line/config [2]
__region_RAM0_start__ {Abs}
                        0x20000000          --   Gb  command line/config [2]
__region_RAM1_end__ {Abs}
                        0x20087fff          --   Gb  command line/config [2]
__region_RAM1_size__ {Abs}
                        0x00008000          --   Gb  command line/config [2]
__region_RAM1_start__ {Abs}
                        0x20080000          --   Gb  command line/config [2]
__region_RAM_end__ {Abs}
                        0x20087ffe          --   Gb  command line/config [2]
__region_RAM_size__ {Abs}
                        0x00018000          --   Gb  command line/config [2]
__region_RAM_start__ {Abs}
                        0x20070000          --   Gb  command line/config [2]
__vector_table          0x20070000   0xf4  Data  Gb  startup_sam3x.o [1]
_call_main              0x200730f1         Code  Gb  cmain.o [5]
_exit                   0x2007312d         Code  Gb  cexit.o [5]
_main                   0x200730fb         Code  Gb  cmain.o [5]
buttonInterrupt         0x200733e8    0x4  Data  Gb  Interrupt.o [1]
case_1                  0x200733fc    0x4  Data  Gb  Main_Menu.o [1]
case_3                  0x20073400    0x4  Data  Gb  Main_Menu.o [1]
change_systick          0x200729d1   0x22  Code  Gb  Interrupt.o [1]
clear_display           0x20072001   0x40  Code  Gb  Display.o [1]
day                     0x2007340c    0x4  Data  Gb  Temp.o [1]
degree                  0x20073334    0x4  Data  Gb  Servo.o [1]
delay                   0x20071e85    0xe  Code  Gb  Display.o [1]
delay_1                 0x200733f4    0x4  Data  Gb  Interrupt.o [1]
delay_flag              0x20073408    0x4  Data  Gb  Temp.o [1]
display_pointer         0x200720ed   0x34  Code  Gb  Display.o [1]
div                     0x200718a3    0xe  Code  Gb  div.o [3]
done                    0x200733e0    0x4  Data  Gb  Alarm.o [1]
draw_average            0x20071dc5   0x2a  Code  Gb  Temp.o [1]
draw_max                0x20071d9d   0x28  Code  Gb  Temp.o [1]
draw_min                0x20071d73   0x2a  Code  Gb  Temp.o [1]
draw_temp               0x20071cb3   0xc0  Code  Gb  Temp.o [1]
enableSystick           0x20072893    0x8  Code  Gb  Interrupt.o [1]
enabled                 0x200733e4    0x4  Data  Gb  Alarm.o [1]
exit                    0x20073129    0x4  Code  Gb  exit.o [3]
fast_tick               0x200733f0    0x4  Data  Gb  Interrupt.o [1]
handler_flag            0x20073404    0x4  Data  Gb  Temp.o [1]
increase_time           0x2007289b   0xce  Code  Gb  Interrupt.o [1]
init_display            0x20072041   0x82  Code  Gb  Display.o [1]
init_light_sensor       0x20072dd5    0xa  Code  Gb  Light.o [1]
init_temp               0x200719ef   0x88  Code  Gb  Temp.o [1]
initiate_button_input   0x20072e8f   0x20  Code  Gb  Button_LED.o [1]
initiate_interrupt_handler
                        0x20072eaf   0x3e  Code  Gb  Button_LED.o [1]
initiate_keypad         0x20072a3d   0x4c  Code  Gb  Keypad.o [1]
main                    0x20072fdd   0x54  Code  Gb  main.o [1]
measure_lightl          0x20072e05   0x26  Code  Gb  Light.o [1]
measure_lightr          0x20072ddf   0x26  Code  Gb  Light.o [1]
measure_temp            0x20071a77   0x92  Code  Gb  Temp.o [1]
memchr                  0x20070f31         Code  Gb  memchr.o [5]
menu                    0x20072b55  0x1a8  Code  Gb  Main_Menu.o [1]
read_keypad             0x20072a89   0x78  Code  Gb  Keypad.o [1]
read_status_display     0x20071e93   0x7a  Code  Gb  Display.o [1]
servo_init              0x20072cfd   0x3c  Code  Gb  Servo.o [1]
set_alarm               0x200725fd  0x230  Code  Gb  Alarm.o [1]
set_servo               0x20072d39   0x32  Code  Gb  Servo.o [1]
sprintf                 0x200725c9   0x34  Code  Gb  sprintf.o [3]
store_temp              0x20071b51  0x162  Code  Gb  Temp.o [1]
strchr                  0x20070ee1         Code  Gb  strchr.o [5]
string_2_display        0x20072185   0x20  Code  Gb  Display.o [1]
strlen                  0x20070ef9         Code  Gb  strlen.o [5]
systick                 0x200733ec    0x4  Data  Gb  Interrupt.o [1]
temp_2_display          0x20072121   0x64  Code  Gb  Display.o [1]
temp_delay              0x20071b09   0x1c  Code  Gb  Temp.o [1]
temperature             0x20073414    0x4  Data  Gb  Temp.o [1]
thao                    0x20073410    0x4  Data  Gb  Temp.o [1]
ticks                   0x200733f8    0x4  Data  Gb  Interrupt.o [1]
time                    0x200733c8   0x18  Data  Gb  Interrupt.o [1]
time_2_display          0x200721a5   0x44  Code  Gb  Display.o [1]
track_light             0x20072d6b   0x48  Code  Gb  Servo.o [1]
value_max               0x20073328    0x4  Data  Gb  Alarm.o [1]
value_min               0x2007332c    0x4  Data  Gb  Alarm.o [1]
week                    0x2007333c   0x8c  Data  Gb  Temp.o [1]
write_2_display         0x200720c3   0x2a  Code  Gb  Display.o [1]
x                       0x20073330    0x4  Data  Gb  Interrupt.o [1]


[1] = C:\Users\Harald\Google Drive\Studier\DST\HW\Debug\Obj
[2] = command line
[3] = dl7M_tln.a
[4] = m7M_tl.a
[5] = rt7M_tl.a
[6] = shb_l.a

  12 368 bytes of readonly  code memory
     728 bytes of readonly  data memory
   2 288 bytes of readwrite data memory

Errors: none
Warnings: none
